(.venv) patrick@buntu:~/dev/nornir_rich$ ls
docs  nornir.log  nornir_rich  nornir_rich.egg-info  poetry.lock  pyproject.toml  README.md  results.html  tests
(.venv) patrick@buntu:~/dev/nornir_rich$ head -5 poetry.lock 
[[package]]
category = "dev"
description = "A configurable sidebar-enabled Sphinx theme"
name = "alabaster"
optional = false
(.venv) patrick@buntu:~/dev/nornir_rich$ poetry env show
Too many arguments.

